// 重构日志: d622b9f9
// 重构日志: c6c53990
// 重构日志: ee5bf470
// 重构日志: 4cc8ea30
// 同步 ID: 9c058eef @ Sun Jul 26 11:58:53 UTC 2026
// 重构日志: 39df9ade
// 同步 ID: eda5b120 @ Tue Jul 28 04:37:40 UTC 2026
// 重构日志: 9615ff99
// 重构日志: c151d0dc
// 重构日志: bc22bd0b
// 重构日志: cba308b7
// 重构日志: e739bb08
// 重构日志: c3411ba7
// 重构日志: 751612cf
// 重构日志: 047f6348
// 重构日志: 1a24ea84
// 重构日志: c572f767
// 同步 ID: a71a9780 @ Sun Aug  2 22:59:09 UTC 2026
// 重构日志: 6ba37bad
// 同步 ID: bbd6f502 @ Wed Aug  5 12:34:23 UTC 2026
// 同步 ID: 5375f2e1 @ Wed Aug  5 17:56:15 UTC 2026
// 同步 ID: 41416378 @ Thu Aug  6 05:02:58 UTC 2026
// 同步 ID: 3b9bbe59 @ Thu Aug  6 08:54:22 UTC 2026
// 重构日志: a219d7f7
// 重构日志: f80afd00
// 重构日志: 1d81474d
// 重构日志: 33f35b83
// 重构日志: 70c95139
// 重构日志: eace2d93
// 同步 ID: cb37fda2 @ Sat Aug  8 10:11:43 UTC 2026
